{
  "bpm": 132,
  "tracks": [
    [
      {
        "time": 0,
        "type": "note",
        "pitch": 60,
        "velocity": 89,
        "duration": 1,
        "release": 100,
        "channel": 1
      },
      {
        "time": 1,
        "type": "note",
        "pitch": 62,
        "velocity": 89,
        "duration": 0.5,
        "release": 100,
        "channel": 1
      },
      {
        "time": 1.5,
        "type": "note",
        "pitch": 64,
        "velocity": 89,
        "duration": 0.5,
        "release": 100,
        "channel": 1
      },
      {
        "time": 2,
        "type": "note",
        "pitch": 65,
        "velocity": 89,
        "duration": 2,
        "release": 100,
        "channel": 1
      },
      {
        "time": 4,
        "type": "note",
        "pitch": 60,
        "velocity": 89,
        "duration": 1,
        "release": 100,
        "channel": 1
      },
      {
        "time": 5,
        "type": "note",
        "pitch": 62,
        "velocity": 89,
        "duration": 0.5,
        "release": 100,
        "channel": 1
      },
      {
        "time": 5.5,
        "type": "note",
        "pitch": 64,
        "velocity": 89,
        "duration": 0.5,
        "release": 100,
        "channel": 1
      },
      {
        "time": 6,
        "type": "note",
        "pitch": 67,
        "velocity": 89,
        "duration": 1.5,
        "release": 100,
        "channel": 1
      },
      {
        "time": 7.5,
        "type": "note",
        "pitch": 59,
        "velocity": 89,
        "duration": 0.5,
        "release": 100,
        "channel": 1
      },
      {
        "time": 8,
        "type": "note",
        "pitch": 60,
        "velocity": 89,
        "duration": 4,
        "release": 100,
        "channel": 1
      },
      {
        "type": "track-end",
        "time": 12
      }
    ]
  ]
}